
> portfolio-os@0.1.0 build
> next build

node.exe : ΓÜá Warning: 
Next.js inferred your 
workspace root, but it may 
not be correct.
At C:\Program 
Files\nodejs\npm.ps1:29 
char:3
+   & $NODE_EXE $NPM_CLI_JS 
$args
+   
~~~~~~~~~~~~~~~~~~~~~~~~~~~~~
    + CategoryInfo           
   : NotSpecified    : (ΓÜá 
Warning: Ne.    ..not be 
correct.:S    tring) [], 
RemoteEx    ception
    + FullyQualifiedErr    
orId : NativeComman    dError
 
 We detected multiple 
lockfiles and selected the 
directory of C:\Users\ashwi\p
ackage-lock.json as the root 
directory.
 To silence this warning, 
set `turbopack.root` in your 
Next.js config, or consider 
removing one of the 
lockfiles if it's not needed.
   See https://nextjs.org/doc
s/app/api-reference/config/ne
xt-config-js/turbopack#root-d
irectory for more 
information.
 Detected additional 
lockfiles: 
   * C:\Users\ashwi\.gemini\a
ntigravity\scratch\portfolio-
os\package-lock.json

Γû▓ Next.js 16.1.6 (Turbopack)

  Running TypeScript ...
  Creating an optimized production build ...
Γ£ô Compiled successfully in 3.4s
  Collecting page data using 11 workers ...
  Generating static pages using 11 workers (0/3) ...
Γ£ô Generating static pages using 11 workers (3/3) in 602.3ms
  Finalizing page optimization ...

Route (pages)
Γöî Γùï / (309 ms)
Γö£   /_app
Γöö Γùï /404

Γùï  (Static)  prerendered as static content

